#-----------------------------------------------------------
# Vivado v2017.4 (64-bit)
# SW Build 2086221 on Fri Dec 15 20:55:39 MST 2017
# IP Build 2085800 on Fri Dec 15 22:25:07 MST 2017
# Start of session at: Mon Feb 26 12:32:43 2018
# Process ID: 14416
# Current directory: E:/166 Lab/2_2/Lab2_2
# Command line: vivado.exe -gui_launcher_event rodinguilauncherevent12636 E:\166 Lab\2_2\Lab2_2\Lab2_2.xpr
# Log file: E:/166 Lab/2_2/Lab2_2/vivado.log
# Journal file: E:/166 Lab/2_2/Lab2_2\vivado.jou
#-----------------------------------------------------------
start_gui
open_project {E:/166 Lab/2_2/Lab2_2/Lab2_2.xpr}
update_compile_order -fileset sources_1
launch_simulation
source top_tb.tcl
close_sim
launch_simulation
source top_tb.tcl
close_sim
launch_simulation
source top_tb.tcl
close_sim
launch_simulation
source top_tb.tcl
close_sim
launch_simulation
source top_tb.tcl
close_sim
launch_simulation
source top_tb.tcl
close_sim
launch_simulation
source top_tb.tcl
close_sim
launch_simulation
source top_tb.tcl
set_property -name {xsim.simulate.runtime} -value {2000ns} -objects [get_filesets sim_1]
close_sim
launch_simulation
source top_tb.tcl
close_sim
